error: auto_plugin requires attribute specifying the name of the `&mut bevy::app::App` parameter. Example: #[auto_plugin(app=app)]
 --> tests/ui/auto_plugin_missing_param.rs:3:1
  |
3 | #[auto_plugin]
  | ^^^^^^^^^^^^^^
  |
  = note: this error originates in the attribute macro `auto_plugin` (in Nightly builds, run with -Z macro-backtrace for more info)
